2026-05-19 02:07:29  [INFO]  ConverterServicer inicializado
2026-05-19 02:07:29  [INFO]  =======================================================
2026-05-19 02:07:29  [INFO]    Servidor gRPC — Sistema de Conversión
2026-05-19 02:07:29  [INFO]    Escuchando en [::]:50051
2026-05-19 02:07:29  [INFO]    Conversiones disponibles:
2026-05-19 02:07:29  [INFO]      • Celsius  ↔  Fahrenheit
2026-05-19 02:07:29  [INFO]      • Soles (PEN)  ↔  Dólares (USD)
2026-05-19 02:07:29  [INFO]      • Kilómetros  ↔  Millas
2026-05-19 02:07:29  [INFO]  =======================================================
2026-05-19 02:07:47  [INFO]  ConverterServicer inicializado
2026-05-19 02:08:10  [INFO]  [02:08:10] Solicitud #1 → tipo=2, valor=100.0
2026-05-19 02:08:10  [INFO]  Resultado #1: 100.0 PEN (S/.) → 26.6700 USD ($)
2026-05-19 02:08:48  [INFO]  Servidor detenido por el usuario.
2026-05-19 02:12:01  [INFO]  ConverterServicer inicializado
2026-05-19 02:12:01  [INFO]  =======================================================
2026-05-19 02:12:01  [INFO]    Servidor gRPC — Sistema de Conversión
2026-05-19 02:12:01  [INFO]    Escuchando en [::]:50051
2026-05-19 02:12:01  [INFO]    Conversiones disponibles:
2026-05-19 02:12:01  [INFO]      • Celsius  ↔  Fahrenheit
2026-05-19 02:12:01  [INFO]      • Soles (PEN)  ↔  Dólares (USD)
2026-05-19 02:12:01  [INFO]      • Kilómetros  ↔  Millas
2026-05-19 02:12:01  [INFO]  =======================================================
2026-05-19 02:12:03  [INFO]  Servidor detenido por el usuario.
2026-05-19 02:12:06  [INFO]  ConverterServicer inicializado
2026-05-19 02:12:06  [INFO]  =======================================================
2026-05-19 02:12:06  [INFO]    Servidor gRPC — Sistema de Conversión
2026-05-19 02:12:06  [INFO]    Escuchando en [::]:50051
2026-05-19 02:12:06  [INFO]    Conversiones disponibles:
2026-05-19 02:12:06  [INFO]      • Celsius  ↔  Fahrenheit
2026-05-19 02:12:06  [INFO]      • Soles (PEN)  ↔  Dólares (USD)
2026-05-19 02:12:06  [INFO]      • Kilómetros  ↔  Millas
2026-05-19 02:12:06  [INFO]  =======================================================
2026-05-19 02:12:23  [INFO]  [02:12:23] Solicitud #1 → tipo=2, valor=10.0
2026-05-19 02:12:23  [INFO]  Resultado #1: 10.0 PEN (S/.) → 2.9000 USD ($)
2026-05-19 02:12:45  [INFO]  [02:12:45] Solicitud #2 → tipo=3, valor=2.9
2026-05-19 02:12:45  [INFO]  Resultado #2: 2.9 USD ($) → 10.0000 PEN (S/.)
2026-05-19 02:13:31  [INFO]  HealthCheck → Servidor activo | Uptime: 84s | Solicitudes atendidas: 2
2026-05-19 02:13:42  [INFO]  Servidor detenido por el usuario.
2026-05-19 02:17:43  [INFO]  ConverterServicer inicializado
2026-05-19 02:17:43  [INFO]  =======================================================
2026-05-19 02:17:43  [INFO]    Servidor gRPC — Sistema de Conversión
2026-05-19 02:17:43  [INFO]    Escuchando en [::]:50051
2026-05-19 02:17:43  [INFO]    Conversiones disponibles:
2026-05-19 02:17:43  [INFO]      • Celsius  ↔  Fahrenheit
2026-05-19 02:17:43  [INFO]      • Soles (PEN)  ↔  Dólares (USD)
2026-05-19 02:17:43  [INFO]      • Kilómetros  ↔  Millas
2026-05-19 02:17:43  [INFO]  =======================================================
2026-05-19 02:18:20  [INFO]  [02:18:20] Solicitud #1 → tipo=2, valor=100.0
2026-05-19 02:18:20  [INFO]  Resultado #1: 100.0 PEN (S/.) → 29.0000 USD ($)
2026-05-19 02:18:43  [INFO]  HealthCheck → Servidor activo | Uptime: 60s | Solicitudes atendidas: 1
